mode: set
github.com/yourusername/scentora-backend/cmd/server/main.go:18.13,21.16 2 0
github.com/yourusername/scentora-backend/cmd/server/main.go:21.16,23.3 1 0
github.com/yourusername/scentora-backend/cmd/server/main.go:26.2,27.16 2 0
github.com/yourusername/scentora-backend/cmd/server/main.go:27.16,29.3 1 0
github.com/yourusername/scentora-backend/cmd/server/main.go:30.2,46.46 7 0
github.com/yourusername/scentora-backend/cmd/server/main.go:46.46,52.3 1 0
github.com/yourusername/scentora-backend/cmd/server/main.go:55.2,58.12 2 0
github.com/yourusername/scentora-backend/cmd/server/main.go:58.12,62.70 4 0
github.com/yourusername/scentora-backend/cmd/server/main.go:62.70,64.4 1 0
github.com/yourusername/scentora-backend/cmd/server/main.go:68.2,76.40 7 0
github.com/yourusername/scentora-backend/cmd/server/main.go:76.40,78.3 1 0
github.com/yourusername/scentora-backend/cmd/server/main.go:80.2,80.30 1 0
github.com/yourusername/scentora-backend/internal/config/config.go:38.30,64.27 5 0
github.com/yourusername/scentora-backend/internal/config/config.go:64.27,69.3 1 0
github.com/yourusername/scentora-backend/internal/config/config.go:72.2,72.25 1 0
github.com/yourusername/scentora-backend/internal/config/config.go:72.25,74.3 1 0
github.com/yourusername/scentora-backend/internal/config/config.go:76.2,76.17 1 0
github.com/yourusername/scentora-backend/internal/config/config.go:79.46,80.42 1 0
github.com/yourusername/scentora-backend/internal/config/config.go:80.42,82.3 1 0
github.com/yourusername/scentora-backend/internal/config/config.go:83.2,83.21 1 0
github.com/yourusername/scentora-backend/internal/config/database.go:13.50,15.16 2 0
github.com/yourusername/scentora-backend/internal/config/database.go:15.16,17.3 1 0
github.com/yourusername/scentora-backend/internal/config/database.go:20.2,25.34 4 0
github.com/yourusername/scentora-backend/internal/config/database.go:25.34,27.3 1 0
github.com/yourusername/scentora-backend/internal/config/database.go:29.2,32.45 2 0
github.com/yourusername/scentora-backend/internal/config/database.go:32.45,34.3 1 0
github.com/yourusername/scentora-backend/internal/config/database.go:36.2,36.16 1 0
github.com/yourusername/scentora-backend/internal/config/database.go:39.38,51.16 2 0
github.com/yourusername/scentora-backend/internal/config/database.go:51.16,53.3 1 0
github.com/yourusername/scentora-backend/internal/config/database.go:56.2,60.16 2 0
github.com/yourusername/scentora-backend/internal/config/database.go:60.16,62.3 1 0
github.com/yourusername/scentora-backend/internal/config/database.go:65.2,82.16 2 0
github.com/yourusername/scentora-backend/internal/config/database.go:82.16,84.3 1 0
github.com/yourusername/scentora-backend/internal/config/database.go:87.2,92.16 2 0
github.com/yourusername/scentora-backend/internal/config/database.go:92.16,94.3 1 0
github.com/yourusername/scentora-backend/internal/config/database.go:97.2,106.16 2 0
github.com/yourusername/scentora-backend/internal/config/database.go:106.16,108.3 1 0
github.com/yourusername/scentora-backend/internal/config/database.go:111.2,115.16 2 0
github.com/yourusername/scentora-backend/internal/config/database.go:115.16,117.3 1 0
github.com/yourusername/scentora-backend/internal/config/database.go:120.2,129.16 2 0
github.com/yourusername/scentora-backend/internal/config/database.go:129.16,131.3 1 0
github.com/yourusername/scentora-backend/internal/config/database.go:134.2,137.16 2 0
github.com/yourusername/scentora-backend/internal/config/database.go:137.16,139.3 1 0
github.com/yourusername/scentora-backend/internal/config/database.go:142.2,142.47 1 0
github.com/yourusername/scentora-backend/internal/config/database.go:142.47,144.3 1 0
github.com/yourusername/scentora-backend/internal/config/database.go:147.2,157.16 2 0
github.com/yourusername/scentora-backend/internal/config/database.go:157.16,159.3 1 0
github.com/yourusername/scentora-backend/internal/config/database.go:162.2,166.16 2 0
github.com/yourusername/scentora-backend/internal/config/database.go:166.16,168.3 1 0
github.com/yourusername/scentora-backend/internal/config/database.go:171.2,184.16 2 0
github.com/yourusername/scentora-backend/internal/config/database.go:184.16,186.3 1 0
github.com/yourusername/scentora-backend/internal/config/database.go:189.2,193.16 2 0
github.com/yourusername/scentora-backend/internal/config/database.go:193.16,195.3 1 0
github.com/yourusername/scentora-backend/internal/config/database.go:197.2,198.12 2 0
github.com/yourusername/scentora-backend/internal/config/database.go:201.43,205.16 3 0
github.com/yourusername/scentora-backend/internal/config/database.go:205.16,207.3 1 0
github.com/yourusername/scentora-backend/internal/config/database.go:210.2,210.15 1 0
github.com/yourusername/scentora-backend/internal/config/database.go:210.15,213.3 2 0
github.com/yourusername/scentora-backend/internal/config/database.go:216.2,229.16 2 0
github.com/yourusername/scentora-backend/internal/config/database.go:229.16,231.3 1 0
github.com/yourusername/scentora-backend/internal/config/database.go:234.2,245.16 2 0
github.com/yourusername/scentora-backend/internal/config/database.go:245.16,247.3 1 0
github.com/yourusername/scentora-backend/internal/config/database.go:250.2,257.16 2 0
github.com/yourusername/scentora-backend/internal/config/database.go:257.16,259.3 1 0
github.com/yourusername/scentora-backend/internal/config/database.go:262.2,269.16 2 0
github.com/yourusername/scentora-backend/internal/config/database.go:269.16,271.3 1 0
github.com/yourusername/scentora-backend/internal/config/database.go:274.2,282.16 2 0
github.com/yourusername/scentora-backend/internal/config/database.go:282.16,284.3 1 0
github.com/yourusername/scentora-backend/internal/config/database.go:287.2,297.16 2 0
github.com/yourusername/scentora-backend/internal/config/database.go:297.16,299.3 1 0
github.com/yourusername/scentora-backend/internal/config/database.go:302.2,313.16 2 0
github.com/yourusername/scentora-backend/internal/config/database.go:313.16,315.3 1 0
github.com/yourusername/scentora-backend/internal/config/database.go:318.2,327.16 2 0
github.com/yourusername/scentora-backend/internal/config/database.go:327.16,329.3 1 0
github.com/yourusername/scentora-backend/internal/config/database.go:332.2,340.16 2 0
github.com/yourusername/scentora-backend/internal/config/database.go:340.16,342.3 1 0
github.com/yourusername/scentora-backend/internal/config/database.go:344.2,345.12 2 0
github.com/yourusername/scentora-backend/internal/testutil/db.go:21.40,24.16 2 0
github.com/yourusername/scentora-backend/internal/testutil/db.go:24.16,26.2 1 0
github.com/yourusername/scentora-backend/internal/testutil/db.go:28.1,29.15 2 0
github.com/yourusername/scentora-backend/internal/testutil/db.go:29.15,31.2 1 0
github.com/yourusername/scentora-backend/internal/testutil/db.go:34.1,34.48 1 0
github.com/yourusername/scentora-backend/internal/testutil/db.go:34.48,36.2 1 0
github.com/yourusername/scentora-backend/internal/testutil/db.go:38.1,38.23 1 0
github.com/yourusername/scentora-backend/internal/testutil/db.go:42.43,43.38 1 0
github.com/yourusername/scentora-backend/internal/testutil/db.go:43.38,45.2 1 0
github.com/yourusername/scentora-backend/internal/testutil/db.go:49.48,58.30 2 0
github.com/yourusername/scentora-backend/internal/testutil/db.go:58.30,60.15 2 0
github.com/yourusername/scentora-backend/internal/testutil/db.go:60.15,62.2 1 0
github.com/yourusername/scentora-backend/internal/testutil/db.go:67.42,79.15 2 0
github.com/yourusername/scentora-backend/internal/testutil/db.go:79.15,81.2 1 0
github.com/yourusername/scentora-backend/internal/testutil/db.go:84.1,85.15 2 0
github.com/yourusername/scentora-backend/internal/testutil/db.go:85.15,87.2 1 0
github.com/yourusername/scentora-backend/internal/testutil/db.go:90.1,107.15 2 0
github.com/yourusername/scentora-backend/internal/testutil/db.go:107.15,109.2 1 0
github.com/yourusername/scentora-backend/internal/testutil/db.go:112.1,121.15 2 0
github.com/yourusername/scentora-backend/internal/testutil/db.go:121.15,123.2 1 0
github.com/yourusername/scentora-backend/internal/testutil/db.go:126.1,135.15 2 0
github.com/yourusername/scentora-backend/internal/testutil/db.go:135.15,137.2 1 0
github.com/yourusername/scentora-backend/internal/testutil/db.go:140.1,150.15 2 0
github.com/yourusername/scentora-backend/internal/testutil/db.go:150.15,152.2 1 0
github.com/yourusername/scentora-backend/internal/testutil/db.go:155.1,168.15 2 0
github.com/yourusername/scentora-backend/internal/testutil/db.go:168.15,170.2 1 0
github.com/yourusername/scentora-backend/internal/testutil/db.go:173.1,175.15 3 0
github.com/yourusername/scentora-backend/internal/testutil/db.go:175.15,177.2 1 0
github.com/yourusername/scentora-backend/internal/testutil/db.go:179.1,179.15 1 0
github.com/yourusername/scentora-backend/internal/testutil/db.go:179.15,181.15 2 0
github.com/yourusername/scentora-backend/internal/testutil/db.go:181.15,183.2 1 0
github.com/yourusername/scentora-backend/internal/testutil/db.go:186.1,187.11 2 0
github.com/yourusername/scentora-backend/internal/testutil/db.go:191.43,274.24 2 0
github.com/yourusername/scentora-backend/internal/testutil/db.go:274.24,280.15 2 0
github.com/yourusername/scentora-backend/internal/testutil/db.go:280.15,282.2 1 0
github.com/yourusername/scentora-backend/internal/testutil/db.go:285.1,285.11 1 0
github.com/yourusername/scentora-backend/internal/testutil/db.go:291.40,294.2 2 0
github.com/yourusername/scentora-backend/internal/routes/routes.go:13.65,87.2 52 0
github.com/yourusername/scentora-backend/internal/middleware/auth.go:18.54,19.54 1 0
github.com/yourusername/scentora-backend/internal/middleware/auth.go:19.54,20.37 1 0
github.com/yourusername/scentora-backend/internal/middleware/auth.go:20.37,22.24 2 0
github.com/yourusername/scentora-backend/internal/middleware/auth.go:22.24,28.5 1 0
github.com/yourusername/scentora-backend/internal/middleware/auth.go:30.4,31.47 2 0
github.com/yourusername/scentora-backend/internal/middleware/auth.go:31.47,37.5 1 0
github.com/yourusername/scentora-backend/internal/middleware/auth.go:39.4,42.109 2 0
github.com/yourusername/scentora-backend/internal/middleware/auth.go:42.109,44.5 1 0
github.com/yourusername/scentora-backend/internal/middleware/auth.go:46.4,46.34 1 0
github.com/yourusername/scentora-backend/internal/middleware/auth.go:46.34,52.5 1 0
github.com/yourusername/scentora-backend/internal/middleware/auth.go:54.4,55.11 2 0
github.com/yourusername/scentora-backend/internal/middleware/auth.go:55.11,61.5 1 0
github.com/yourusername/scentora-backend/internal/middleware/auth.go:64.4,67.18 3 0
github.com/yourusername/scentora-backend/internal/middleware/auth.go:72.39,75.2 2 0
github.com/yourusername/scentora-backend/internal/middleware/auth.go:79.62,80.54 1 0
github.com/yourusername/scentora-backend/internal/middleware/auth.go:80.54,81.37 1 0
github.com/yourusername/scentora-backend/internal/middleware/auth.go:81.37,85.24 2 0
github.com/yourusername/scentora-backend/internal/middleware/auth.go:85.24,87.5 1 0
github.com/yourusername/scentora-backend/internal/middleware/auth.go:89.4,90.47 2 0
github.com/yourusername/scentora-backend/internal/middleware/auth.go:90.47,93.5 1 0
github.com/yourusername/scentora-backend/internal/middleware/auth.go:95.4,98.109 2 0
github.com/yourusername/scentora-backend/internal/middleware/auth.go:98.109,100.5 1 0
github.com/yourusername/scentora-backend/internal/middleware/auth.go:103.4,103.34 1 0
github.com/yourusername/scentora-backend/internal/middleware/auth.go:103.34,105.5 1 0
github.com/yourusername/scentora-backend/internal/middleware/auth.go:107.4,108.10 2 0
github.com/yourusername/scentora-backend/internal/middleware/auth.go:108.10,112.5 2 0
github.com/yourusername/scentora-backend/internal/middleware/auth.go:114.4,114.18 1 0
github.com/yourusername/scentora-backend/internal/middleware/ratelimit.go:11.44,21.61 1 0
github.com/yourusername/scentora-backend/internal/middleware/ratelimit.go:21.61,24.4 1 0
github.com/yourusername/scentora-backend/internal/middleware/ratelimit.go:25.61,31.4 1 0
github.com/yourusername/scentora-backend/internal/middleware/ratelimit.go:32.79,38.4 1 0
github.com/yourusername/scentora-backend/internal/middleware/ratelimit.go:40.2,40.49 1 0
github.com/yourusername/scentora-backend/internal/middleware/ratelimit.go:44.47,54.61 1 0
github.com/yourusername/scentora-backend/internal/middleware/ratelimit.go:54.61,57.4 1 0
github.com/yourusername/scentora-backend/internal/middleware/ratelimit.go:58.61,64.4 1 0
github.com/yourusername/scentora-backend/internal/middleware/ratelimit.go:65.79,71.4 1 0
github.com/yourusername/scentora-backend/internal/middleware/ratelimit.go:73.2,73.49 1 0
github.com/yourusername/scentora-backend/internal/repository/accord_repo.go:15.57,17.2 1 1
github.com/yourusername/scentora-backend/internal/repository/accord_repo.go:20.64,41.2 2 1
github.com/yourusername/scentora-backend/internal/repository/accord_repo.go:44.80,54.16 4 1
github.com/yourusername/scentora-backend/internal/repository/accord_repo.go:54.16,56.3 1 1
github.com/yourusername/scentora-backend/internal/repository/accord_repo.go:57.2,57.21 1 1
github.com/yourusername/scentora-backend/internal/repository/accord_repo.go:61.74,72.16 4 0
github.com/yourusername/scentora-backend/internal/repository/accord_repo.go:72.16,74.3 1 0
github.com/yourusername/scentora-backend/internal/repository/accord_repo.go:75.2,75.21 1 0
github.com/yourusername/scentora-backend/internal/repository/accord_repo.go:79.64,102.16 4 1
github.com/yourusername/scentora-backend/internal/repository/accord_repo.go:102.16,104.3 1 0
github.com/yourusername/scentora-backend/internal/repository/accord_repo.go:106.2,106.12 1 1
github.com/yourusername/scentora-backend/internal/repository/accord_repo.go:110.60,113.16 3 1
github.com/yourusername/scentora-backend/internal/repository/accord_repo.go:113.16,115.3 1 0
github.com/yourusername/scentora-backend/internal/repository/accord_repo.go:116.2,117.16 2 1
github.com/yourusername/scentora-backend/internal/repository/accord_repo.go:117.16,119.3 1 0
github.com/yourusername/scentora-backend/internal/repository/accord_repo.go:120.2,120.15 1 1
github.com/yourusername/scentora-backend/internal/repository/accord_repo.go:120.15,122.3 1 0
github.com/yourusername/scentora-backend/internal/repository/accord_repo.go:123.2,123.12 1 1
github.com/yourusername/scentora-backend/internal/repository/accord_repo.go:127.151,140.21 5 0
github.com/yourusername/scentora-backend/internal/repository/accord_repo.go:140.21,144.3 3 0
github.com/yourusername/scentora-backend/internal/repository/accord_repo.go:146.2,146.22 1 0
github.com/yourusername/scentora-backend/internal/repository/accord_repo.go:146.22,150.3 3 0
github.com/yourusername/scentora-backend/internal/repository/accord_repo.go:152.2,152.22 1 0
github.com/yourusername/scentora-backend/internal/repository/accord_repo.go:152.22,156.3 3 0
github.com/yourusername/scentora-backend/internal/repository/accord_repo.go:158.2,158.21 1 0
github.com/yourusername/scentora-backend/internal/repository/accord_repo.go:158.21,162.3 3 0
github.com/yourusername/scentora-backend/internal/repository/accord_repo.go:164.2,164.19 1 0
github.com/yourusername/scentora-backend/internal/repository/accord_repo.go:164.19,168.3 3 0
github.com/yourusername/scentora-backend/internal/repository/accord_repo.go:170.2,173.16 3 0
github.com/yourusername/scentora-backend/internal/repository/accord_repo.go:173.16,175.3 1 0
github.com/yourusername/scentora-backend/internal/repository/accord_repo.go:177.2,177.21 1 0
github.com/yourusername/scentora-backend/internal/repository/accord_repo.go:182.117,196.72 5 0
github.com/yourusername/scentora-backend/internal/repository/accord_repo.go:196.72,200.3 3 0
github.com/yourusername/scentora-backend/internal/repository/accord_repo.go:202.2,202.58 1 0
github.com/yourusername/scentora-backend/internal/repository/accord_repo.go:202.58,206.3 3 0
github.com/yourusername/scentora-backend/internal/repository/accord_repo.go:208.2,208.58 1 0
github.com/yourusername/scentora-backend/internal/repository/accord_repo.go:208.58,212.3 3 0
github.com/yourusername/scentora-backend/internal/repository/accord_repo.go:214.2,214.72 1 0
github.com/yourusername/scentora-backend/internal/repository/accord_repo.go:214.72,218.3 3 0
github.com/yourusername/scentora-backend/internal/repository/accord_repo.go:220.2,220.66 1 0
github.com/yourusername/scentora-backend/internal/repository/accord_repo.go:220.66,224.3 3 0
github.com/yourusername/scentora-backend/internal/repository/accord_repo.go:226.2,229.16 3 0
github.com/yourusername/scentora-backend/internal/repository/accord_repo.go:229.16,231.3 1 0
github.com/yourusername/scentora-backend/internal/repository/accord_repo.go:232.2,232.21 1 0
github.com/yourusername/scentora-backend/internal/repository/accord_repo.go:236.80,245.16 4 1
github.com/yourusername/scentora-backend/internal/repository/accord_repo.go:245.16,247.3 1 0
github.com/yourusername/scentora-backend/internal/repository/accord_repo.go:248.2,248.18 1 1
github.com/yourusername/scentora-backend/internal/repository/accord_repo.go:252.63,259.2 3 1
github.com/yourusername/scentora-backend/internal/repository/accord_repo.go:262.66,265.16 3 1
github.com/yourusername/scentora-backend/internal/repository/accord_repo.go:265.16,267.3 1 0
github.com/yourusername/scentora-backend/internal/repository/accord_repo.go:268.2,269.16 2 1
github.com/yourusername/scentora-backend/internal/repository/accord_repo.go:269.16,271.3 1 0
github.com/yourusername/scentora-backend/internal/repository/accord_repo.go:272.2,272.15 1 1
github.com/yourusername/scentora-backend/internal/repository/accord_repo.go:272.15,274.3 1 0
github.com/yourusername/scentora-backend/internal/repository/accord_repo.go:275.2,275.12 1 1
github.com/yourusername/scentora-backend/internal/repository/accord_repo.go:279.74,281.16 2 1
github.com/yourusername/scentora-backend/internal/repository/accord_repo.go:281.16,283.3 1 0
github.com/yourusername/scentora-backend/internal/repository/accord_repo.go:284.2,288.16 3 1
github.com/yourusername/scentora-backend/internal/repository/accord_repo.go:288.16,290.3 1 0
github.com/yourusername/scentora-backend/internal/repository/accord_repo.go:293.2,293.19 1 1
github.com/yourusername/scentora-backend/internal/repository/accord_repo.go:293.19,295.28 2 1
github.com/yourusername/scentora-backend/internal/repository/accord_repo.go:295.28,297.22 2 1
github.com/yourusername/scentora-backend/internal/repository/accord_repo.go:297.22,299.19 2 1
github.com/yourusername/scentora-backend/internal/repository/accord_repo.go:299.19,301.6 1 0
github.com/yourusername/scentora-backend/internal/repository/accord_repo.go:306.2,306.20 1 1
github.com/yourusername/scentora-backend/internal/repository/accord_repo.go:310.101,311.20 1 0
github.com/yourusername/scentora-backend/internal/repository/accord_repo.go:311.20,313.3 1 0
github.com/yourusername/scentora-backend/internal/repository/accord_repo.go:315.2,331.16 4 0
github.com/yourusername/scentora-backend/internal/repository/accord_repo.go:331.16,333.3 1 0
github.com/yourusername/scentora-backend/internal/repository/accord_repo.go:334.2,334.21 1 0
github.com/yourusername/scentora-backend/internal/repository/invitation_repo.go:14.65,16.2 1 1
github.com/yourusername/scentora-backend/internal/repository/invitation_repo.go:18.76,32.2 2 1
github.com/yourusername/scentora-backend/internal/repository/invitation_repo.go:34.84,42.16 4 1
github.com/yourusername/scentora-backend/internal/repository/invitation_repo.go:42.16,44.3 1 1
github.com/yourusername/scentora-backend/internal/repository/invitation_repo.go:45.2,45.25 1 1
github.com/yourusername/scentora-backend/internal/repository/invitation_repo.go:48.94,57.16 4 1
github.com/yourusername/scentora-backend/internal/repository/invitation_repo.go:57.16,59.3 1 0
github.com/yourusername/scentora-backend/internal/repository/invitation_repo.go:60.2,60.25 1 1
github.com/yourusername/scentora-backend/internal/repository/invitation_repo.go:63.68,70.16 3 1
github.com/yourusername/scentora-backend/internal/repository/invitation_repo.go:70.16,72.3 1 0
github.com/yourusername/scentora-backend/internal/repository/invitation_repo.go:73.2,74.16 2 1
github.com/yourusername/scentora-backend/internal/repository/invitation_repo.go:74.16,76.3 1 0
github.com/yourusername/scentora-backend/internal/repository/invitation_repo.go:77.2,77.15 1 1
github.com/yourusername/scentora-backend/internal/repository/invitation_repo.go:77.15,79.3 1 0
github.com/yourusername/scentora-backend/internal/repository/invitation_repo.go:80.2,80.12 1 1
github.com/yourusername/scentora-backend/internal/repository/invitation_repo.go:83.69,90.16 3 1
github.com/yourusername/scentora-backend/internal/repository/invitation_repo.go:90.16,92.3 1 0
github.com/yourusername/scentora-backend/internal/repository/invitation_repo.go:93.2,94.16 2 1
github.com/yourusername/scentora-backend/internal/repository/invitation_repo.go:94.16,96.3 1 0
github.com/yourusername/scentora-backend/internal/repository/invitation_repo.go:97.2,97.15 1 1
github.com/yourusername/scentora-backend/internal/repository/invitation_repo.go:97.15,99.3 1 0
github.com/yourusername/scentora-backend/internal/repository/invitation_repo.go:100.2,100.12 1 1
github.com/yourusername/scentora-backend/internal/repository/predefined_tag_repo.go:12.71,14.2 1 1
github.com/yourusername/scentora-backend/internal/repository/predefined_tag_repo.go:17.77,25.16 4 1
github.com/yourusername/scentora-backend/internal/repository/predefined_tag_repo.go:25.16,27.3 1 0
github.com/yourusername/scentora-backend/internal/repository/predefined_tag_repo.go:28.2,28.18 1 1
github.com/yourusername/scentora-backend/internal/repository/predefined_tag_repo.go:32.99,41.16 4 1
github.com/yourusername/scentora-backend/internal/repository/predefined_tag_repo.go:41.16,43.3 1 0
github.com/yourusername/scentora-backend/internal/repository/predefined_tag_repo.go:44.2,44.18 1 1
github.com/yourusername/scentora-backend/internal/repository/predefined_tag_repo.go:48.90,58.16 4 1
github.com/yourusername/scentora-backend/internal/repository/predefined_tag_repo.go:58.16,60.3 1 0
github.com/yourusername/scentora-backend/internal/repository/predefined_tag_repo.go:61.2,61.18 1 1
github.com/yourusername/scentora-backend/internal/repository/predefined_tag_repo.go:65.72,73.16 4 1
github.com/yourusername/scentora-backend/internal/repository/predefined_tag_repo.go:73.16,75.3 1 0
github.com/yourusername/scentora-backend/internal/repository/predefined_tag_repo.go:76.2,76.24 1 1
github.com/yourusername/scentora-backend/internal/repository/user_repo.go:14.53,16.2 1 1
github.com/yourusername/scentora-backend/internal/repository/user_repo.go:18.58,26.2 2 1
github.com/yourusername/scentora-backend/internal/repository/user_repo.go:28.74,32.16 4 1
github.com/yourusername/scentora-backend/internal/repository/user_repo.go:32.16,34.3 1 1
github.com/yourusername/scentora-backend/internal/repository/user_repo.go:35.2,35.19 1 1
github.com/yourusername/scentora-backend/internal/repository/user_repo.go:38.68,42.16 4 1
github.com/yourusername/scentora-backend/internal/repository/user_repo.go:42.16,44.3 1 1
github.com/yourusername/scentora-backend/internal/repository/user_repo.go:45.2,45.19 1 1
github.com/yourusername/scentora-backend/internal/repository/user_repo.go:48.66,53.2 4 1
github.com/yourusername/scentora-backend/internal/repository/user_repo.go:55.72,60.2 4 0
github.com/yourusername/scentora-backend/internal/repository/user_repo.go:66.69,68.2 1 1
github.com/yourusername/scentora-backend/internal/repository/user_repo.go:70.75,78.2 2 1
github.com/yourusername/scentora-backend/internal/repository/user_repo.go:80.98,88.16 4 1
github.com/yourusername/scentora-backend/internal/repository/user_repo.go:88.16,90.3 1 1
github.com/yourusername/scentora-backend/internal/repository/user_repo.go:91.2,91.20 1 1
github.com/yourusername/scentora-backend/internal/repository/user_repo.go:94.65,97.16 3 1
github.com/yourusername/scentora-backend/internal/repository/user_repo.go:97.16,99.3 1 0
github.com/yourusername/scentora-backend/internal/repository/user_repo.go:100.2,101.16 2 1
github.com/yourusername/scentora-backend/internal/repository/user_repo.go:101.16,103.3 1 0
github.com/yourusername/scentora-backend/internal/repository/user_repo.go:104.2,104.15 1 1
github.com/yourusername/scentora-backend/internal/repository/user_repo.go:104.15,106.3 1 1
github.com/yourusername/scentora-backend/internal/repository/user_repo.go:107.2,107.12 1 1
github.com/yourusername/scentora-backend/internal/repository/user_repo.go:110.72,114.2 3 1
github.com/yourusername/scentora-backend/internal/handlers/accord.go:19.71,24.2 1 1
github.com/yourusername/scentora-backend/internal/handlers/accord.go:27.54,29.18 2 1
github.com/yourusername/scentora-backend/internal/handlers/accord.go:29.18,33.3 1 0
github.com/yourusername/scentora-backend/internal/handlers/accord.go:35.2,36.37 2 1
github.com/yourusername/scentora-backend/internal/handlers/accord.go:36.37,40.3 1 1
github.com/yourusername/scentora-backend/internal/handlers/accord.go:42.2,42.48 1 1
github.com/yourusername/scentora-backend/internal/handlers/accord.go:42.48,46.3 1 0
github.com/yourusername/scentora-backend/internal/handlers/accord.go:48.2,49.16 2 1
github.com/yourusername/scentora-backend/internal/handlers/accord.go:49.16,53.3 1 0
github.com/yourusername/scentora-backend/internal/handlers/accord.go:55.2,57.4 1 1
github.com/yourusername/scentora-backend/internal/handlers/accord.go:61.51,63.18 2 1
github.com/yourusername/scentora-backend/internal/handlers/accord.go:63.18,67.3 1 0
github.com/yourusername/scentora-backend/internal/handlers/accord.go:69.2,70.20 2 1
github.com/yourusername/scentora-backend/internal/handlers/accord.go:70.20,74.3 1 0
github.com/yourusername/scentora-backend/internal/handlers/accord.go:76.2,77.16 2 1
github.com/yourusername/scentora-backend/internal/handlers/accord.go:77.16,81.3 1 1
github.com/yourusername/scentora-backend/internal/handlers/accord.go:83.2,85.4 1 1
github.com/yourusername/scentora-backend/internal/handlers/accord.go:89.52,91.18 2 0
github.com/yourusername/scentora-backend/internal/handlers/accord.go:91.18,95.3 1 0
github.com/yourusername/scentora-backend/internal/handlers/accord.go:98.2,104.55 6 0
github.com/yourusername/scentora-backend/internal/handlers/accord.go:104.55,105.61 1 0
github.com/yourusername/scentora-backend/internal/handlers/accord.go:105.61,107.4 1 0
github.com/yourusername/scentora-backend/internal/handlers/accord.go:109.2,109.55 1 0
github.com/yourusername/scentora-backend/internal/handlers/accord.go:109.55,110.61 1 0
github.com/yourusername/scentora-backend/internal/handlers/accord.go:110.61,112.4 1 0
github.com/yourusername/scentora-backend/internal/handlers/accord.go:115.2,116.20 2 0
github.com/yourusername/scentora-backend/internal/handlers/accord.go:116.20,118.3 1 0
github.com/yourusername/scentora-backend/internal/handlers/accord.go:119.2,119.20 1 0
github.com/yourusername/scentora-backend/internal/handlers/accord.go:119.20,121.3 1 0
github.com/yourusername/scentora-backend/internal/handlers/accord.go:122.2,122.18 1 0
github.com/yourusername/scentora-backend/internal/handlers/accord.go:122.18,124.3 1 0
github.com/yourusername/scentora-backend/internal/handlers/accord.go:127.2,127.118 1 0
github.com/yourusername/scentora-backend/internal/handlers/accord.go:127.118,129.17 2 0
github.com/yourusername/scentora-backend/internal/handlers/accord.go:129.17,133.4 1 0
github.com/yourusername/scentora-backend/internal/handlers/accord.go:134.3,136.5 1 0
github.com/yourusername/scentora-backend/internal/handlers/accord.go:140.2,141.16 2 0
github.com/yourusername/scentora-backend/internal/handlers/accord.go:141.16,145.3 1 0
github.com/yourusername/scentora-backend/internal/handlers/accord.go:147.2,149.4 1 0
github.com/yourusername/scentora-backend/internal/handlers/accord.go:153.54,155.18 2 1
github.com/yourusername/scentora-backend/internal/handlers/accord.go:155.18,159.3 1 0
github.com/yourusername/scentora-backend/internal/handlers/accord.go:161.2,162.20 2 1
github.com/yourusername/scentora-backend/internal/handlers/accord.go:162.20,166.3 1 0
github.com/yourusername/scentora-backend/internal/handlers/accord.go:168.2,169.37 2 1
github.com/yourusername/scentora-backend/internal/handlers/accord.go:169.37,173.3 1 0
github.com/yourusername/scentora-backend/internal/handlers/accord.go:175.2,176.16 2 1
github.com/yourusername/scentora-backend/internal/handlers/accord.go:176.16,180.3 1 0
github.com/yourusername/scentora-backend/internal/handlers/accord.go:182.2,184.4 1 1
github.com/yourusername/scentora-backend/internal/handlers/accord.go:188.54,190.18 2 0
github.com/yourusername/scentora-backend/internal/handlers/accord.go:190.18,194.3 1 0
github.com/yourusername/scentora-backend/internal/handlers/accord.go:196.2,197.20 2 0
github.com/yourusername/scentora-backend/internal/handlers/accord.go:197.20,201.3 1 0
github.com/yourusername/scentora-backend/internal/handlers/accord.go:203.2,204.16 2 0
github.com/yourusername/scentora-backend/internal/handlers/accord.go:204.16,208.3 1 0
github.com/yourusername/scentora-backend/internal/handlers/accord.go:210.2,212.4 1 0
github.com/yourusername/scentora-backend/internal/handlers/accord.go:216.54,218.18 2 1
github.com/yourusername/scentora-backend/internal/handlers/accord.go:218.18,222.3 1 0
github.com/yourusername/scentora-backend/internal/handlers/accord.go:224.2,225.20 2 1
github.com/yourusername/scentora-backend/internal/handlers/accord.go:225.20,229.3 1 0
github.com/yourusername/scentora-backend/internal/handlers/accord.go:231.2,232.37 2 1
github.com/yourusername/scentora-backend/internal/handlers/accord.go:232.37,236.3 1 0
github.com/yourusername/scentora-backend/internal/handlers/accord.go:238.2,238.19 1 1
github.com/yourusername/scentora-backend/internal/handlers/accord.go:238.19,242.3 1 0
github.com/yourusername/scentora-backend/internal/handlers/accord.go:244.2,245.16 2 1
github.com/yourusername/scentora-backend/internal/handlers/accord.go:245.16,249.3 1 0
github.com/yourusername/scentora-backend/internal/handlers/accord.go:251.2,253.4 1 1
github.com/yourusername/scentora-backend/internal/handlers/accord.go:257.57,259.18 2 0
github.com/yourusername/scentora-backend/internal/handlers/accord.go:259.18,263.3 1 0
github.com/yourusername/scentora-backend/internal/handlers/accord.go:265.2,268.33 3 0
github.com/yourusername/scentora-backend/internal/handlers/accord.go:268.33,272.3 1 0
github.com/yourusername/scentora-backend/internal/handlers/accord.go:274.2,275.16 2 0
github.com/yourusername/scentora-backend/internal/handlers/accord.go:275.16,279.3 1 0
github.com/yourusername/scentora-backend/internal/handlers/accord.go:281.2,283.4 1 0
github.com/yourusername/scentora-backend/internal/handlers/auth.go:18.65,23.2 1 1
github.com/yourusername/scentora-backend/internal/handlers/auth.go:25.54,27.37 2 1
github.com/yourusername/scentora-backend/internal/handlers/auth.go:27.37,31.3 1 1
github.com/yourusername/scentora-backend/internal/handlers/auth.go:33.2,33.48 1 1
github.com/yourusername/scentora-backend/internal/handlers/auth.go:33.48,37.3 1 0
github.com/yourusername/scentora-backend/internal/handlers/auth.go:39.2,40.16 2 1
github.com/yourusername/scentora-backend/internal/handlers/auth.go:40.16,44.3 1 0
github.com/yourusername/scentora-backend/internal/handlers/auth.go:46.2,46.43 1 1
github.com/yourusername/scentora-backend/internal/handlers/auth.go:49.51,51.37 2 1
github.com/yourusername/scentora-backend/internal/handlers/auth.go:51.37,55.3 1 0
github.com/yourusername/scentora-backend/internal/handlers/auth.go:57.2,57.48 1 1
github.com/yourusername/scentora-backend/internal/handlers/auth.go:57.48,61.3 1 0
github.com/yourusername/scentora-backend/internal/handlers/auth.go:63.2,64.16 2 1
github.com/yourusername/scentora-backend/internal/handlers/auth.go:64.16,68.3 1 1
github.com/yourusername/scentora-backend/internal/handlers/auth.go:70.2,70.38 1 1
github.com/yourusername/scentora-backend/internal/handlers/auth.go:73.53,75.37 2 0
github.com/yourusername/scentora-backend/internal/handlers/auth.go:75.37,79.3 1 0
github.com/yourusername/scentora-backend/internal/handlers/auth.go:81.2,81.48 1 0
github.com/yourusername/scentora-backend/internal/handlers/auth.go:81.48,85.3 1 0
github.com/yourusername/scentora-backend/internal/handlers/auth.go:87.2,88.16 2 0
github.com/yourusername/scentora-backend/internal/handlers/auth.go:88.16,92.3 1 0
github.com/yourusername/scentora-backend/internal/handlers/auth.go:94.2,94.38 1 0
github.com/yourusername/scentora-backend/internal/handlers/auth.go:97.52,99.37 2 0
github.com/yourusername/scentora-backend/internal/handlers/auth.go:99.37,103.3 1 0
github.com/yourusername/scentora-backend/internal/handlers/auth.go:105.2,105.59 1 0
github.com/yourusername/scentora-backend/internal/handlers/auth.go:105.59,109.3 1 0
github.com/yourusername/scentora-backend/internal/handlers/auth.go:111.2,111.42 1 0
github.com/yourusername/scentora-backend/internal/handlers/auth.go:114.55,116.18 2 0
github.com/yourusername/scentora-backend/internal/handlers/auth.go:116.18,120.3 1 0
github.com/yourusername/scentora-backend/internal/handlers/auth.go:122.2,122.52 1 0
github.com/yourusername/scentora-backend/internal/handlers/auth.go:122.52,126.3 1 0
github.com/yourusername/scentora-backend/internal/handlers/auth.go:128.2,130.4 1 0
github.com/yourusername/scentora-backend/internal/handlers/auth.go:133.48,135.18 2 1
github.com/yourusername/scentora-backend/internal/handlers/auth.go:135.18,139.3 1 0
github.com/yourusername/scentora-backend/internal/handlers/auth.go:141.2,142.16 2 1
github.com/yourusername/scentora-backend/internal/handlers/auth.go:142.16,146.3 1 0
github.com/yourusername/scentora-backend/internal/handlers/auth.go:148.2,148.36 1 1
github.com/yourusername/scentora-backend/internal/handlers/export.go:17.77,21.2 1 1
github.com/yourusername/scentora-backend/internal/handlers/export.go:24.54,26.18 2 1
github.com/yourusername/scentora-backend/internal/handlers/export.go:26.18,30.3 1 0
github.com/yourusername/scentora-backend/internal/handlers/export.go:32.2,33.16 2 1
github.com/yourusername/scentora-backend/internal/handlers/export.go:33.16,37.3 1 0
github.com/yourusername/scentora-backend/internal/handlers/export.go:40.2,41.33 2 1
github.com/yourusername/scentora-backend/internal/handlers/export.go:41.33,57.3 1 1
github.com/yourusername/scentora-backend/internal/handlers/export.go:59.2,67.42 4 1
github.com/yourusername/scentora-backend/internal/handlers/export.go:71.54,73.18 2 1
github.com/yourusername/scentora-backend/internal/handlers/export.go:73.18,77.3 1 0
github.com/yourusername/scentora-backend/internal/handlers/export.go:79.2,80.44 2 1
github.com/yourusername/scentora-backend/internal/handlers/export.go:80.44,84.3 1 0
github.com/yourusername/scentora-backend/internal/handlers/export.go:87.2,91.44 4 1
github.com/yourusername/scentora-backend/internal/handlers/export.go:91.44,105.17 3 1
github.com/yourusername/scentora-backend/internal/handlers/export.go:105.17,108.4 2 1
github.com/yourusername/scentora-backend/internal/handlers/export.go:108.9,110.4 1 1
github.com/yourusername/scentora-backend/internal/handlers/export.go:113.2,120.38 2 1
github.com/yourusername/scentora-backend/internal/handlers/invitation.go:18.83,23.2 1 0
github.com/yourusername/scentora-backend/internal/handlers/invitation.go:25.58,27.18 2 0
github.com/yourusername/scentora-backend/internal/handlers/invitation.go:27.18,31.3 1 0
github.com/yourusername/scentora-backend/internal/handlers/invitation.go:33.2,34.37 2 0
github.com/yourusername/scentora-backend/internal/handlers/invitation.go:34.37,38.3 1 0
github.com/yourusername/scentora-backend/internal/handlers/invitation.go:41.2,41.28 1 0
github.com/yourusername/scentora-backend/internal/handlers/invitation.go:41.28,43.3 1 0
github.com/yourusername/scentora-backend/internal/handlers/invitation.go:45.2,45.48 1 0
github.com/yourusername/scentora-backend/internal/handlers/invitation.go:45.48,49.3 1 0
github.com/yourusername/scentora-backend/internal/handlers/invitation.go:51.2,52.16 2 0
github.com/yourusername/scentora-backend/internal/handlers/invitation.go:52.16,56.3 1 0
github.com/yourusername/scentora-backend/internal/handlers/invitation.go:58.2,60.4 1 0
github.com/yourusername/scentora-backend/internal/handlers/invitation.go:63.56,65.18 2 0
github.com/yourusername/scentora-backend/internal/handlers/invitation.go:65.18,69.3 1 0
github.com/yourusername/scentora-backend/internal/handlers/invitation.go:71.2,72.16 2 0
github.com/yourusername/scentora-backend/internal/handlers/invitation.go:72.16,76.3 1 0
github.com/yourusername/scentora-backend/internal/handlers/invitation.go:78.2,80.4 1 0
github.com/yourusername/scentora-backend/internal/handlers/invitation.go:83.58,85.18 2 0
github.com/yourusername/scentora-backend/internal/handlers/invitation.go:85.18,89.3 1 0
github.com/yourusername/scentora-backend/internal/handlers/invitation.go:91.2,92.16 2 0
github.com/yourusername/scentora-backend/internal/handlers/invitation.go:92.16,96.3 1 0
github.com/yourusername/scentora-backend/internal/handlers/invitation.go:98.2,99.16 2 0
github.com/yourusername/scentora-backend/internal/handlers/invitation.go:99.16,103.3 1 0
github.com/yourusername/scentora-backend/internal/handlers/invitation.go:105.2,107.4 1 0
github.com/yourusername/scentora-backend/internal/handlers/stats.go:16.75,20.2 1 1
github.com/yourusername/scentora-backend/internal/handlers/stats.go:23.55,25.18 2 1
github.com/yourusername/scentora-backend/internal/handlers/stats.go:25.18,29.3 1 0
github.com/yourusername/scentora-backend/internal/handlers/stats.go:31.2,32.16 2 1
github.com/yourusername/scentora-backend/internal/handlers/stats.go:32.16,36.3 1 0
github.com/yourusername/scentora-backend/internal/handlers/stats.go:38.2,38.37 1 1
github.com/yourusername/scentora-backend/internal/handlers/tags.go:15.62,19.2 1 1
github.com/yourusername/scentora-backend/internal/handlers/tags.go:22.51,24.16 2 1
github.com/yourusername/scentora-backend/internal/handlers/tags.go:24.16,28.3 1 0
github.com/yourusername/scentora-backend/internal/handlers/tags.go:30.2,32.4 1 1
github.com/yourusername/scentora-backend/internal/handlers/tags.go:36.58,38.20 2 1
github.com/yourusername/scentora-backend/internal/handlers/tags.go:38.20,42.3 1 0
github.com/yourusername/scentora-backend/internal/handlers/tags.go:44.2,45.16 2 1
github.com/yourusername/scentora-backend/internal/handlers/tags.go:45.16,49.3 1 0
github.com/yourusername/scentora-backend/internal/handlers/tags.go:51.2,53.4 1 1
github.com/yourusername/scentora-backend/internal/handlers/tags.go:57.51,61.16 3 1
github.com/yourusername/scentora-backend/internal/handlers/tags.go:61.16,65.3 1 0
github.com/yourusername/scentora-backend/internal/handlers/tags.go:67.2,69.4 1 1
github.com/yourusername/scentora-backend/internal/handlers/tags.go:73.58,75.16 2 1
github.com/yourusername/scentora-backend/internal/handlers/tags.go:75.16,79.3 1 0
github.com/yourusername/scentora-backend/internal/handlers/tags.go:81.2,83.4 1 1
github.com/yourusername/scentora-backend/internal/handlers/tags.go:87.55,89.16 2 1
github.com/yourusername/scentora-backend/internal/handlers/tags.go:89.16,93.3 1 0
github.com/yourusername/scentora-backend/internal/handlers/tags.go:95.2,97.4 1 1
github.com/yourusername/scentora-backend/internal/services/accord_service.go:16.124,21.2 1 1
github.com/yourusername/scentora-backend/internal/services/accord_service.go:24.110,26.20 1 1
github.com/yourusername/scentora-backend/internal/services/accord_service.go:26.20,28.3 1 1
github.com/yourusername/scentora-backend/internal/services/accord_service.go:29.2,29.31 1 1
github.com/yourusername/scentora-backend/internal/services/accord_service.go:29.31,31.3 1 0
github.com/yourusername/scentora-backend/internal/services/accord_service.go:32.2,32.102 1 1
github.com/yourusername/scentora-backend/internal/services/accord_service.go:32.102,34.3 1 1
github.com/yourusername/scentora-backend/internal/services/accord_service.go:35.2,35.23 1 1
github.com/yourusername/scentora-backend/internal/services/accord_service.go:35.23,37.3 1 1
github.com/yourusername/scentora-backend/internal/services/accord_service.go:38.2,38.101 1 1
github.com/yourusername/scentora-backend/internal/services/accord_service.go:38.101,40.3 1 0
github.com/yourusername/scentora-backend/internal/services/accord_service.go:42.2,54.16 3 1
github.com/yourusername/scentora-backend/internal/services/accord_service.go:54.16,56.3 1 1
github.com/yourusername/scentora-backend/internal/services/accord_service.go:59.2,59.23 1 1
github.com/yourusername/scentora-backend/internal/services/accord_service.go:59.23,61.17 2 1
github.com/yourusername/scentora-backend/internal/services/accord_service.go:61.17,63.4 1 0
github.com/yourusername/scentora-backend/internal/services/accord_service.go:66.2,66.20 1 1
github.com/yourusername/scentora-backend/internal/services/accord_service.go:70.84,72.16 2 1
github.com/yourusername/scentora-backend/internal/services/accord_service.go:72.16,74.3 1 1
github.com/yourusername/scentora-backend/internal/services/accord_service.go:77.2,78.16 2 1
github.com/yourusername/scentora-backend/internal/services/accord_service.go:78.16,80.3 1 0
github.com/yourusername/scentora-backend/internal/services/accord_service.go:81.2,83.20 2 1
github.com/yourusername/scentora-backend/internal/services/accord_service.go:87.78,89.16 2 1
github.com/yourusername/scentora-backend/internal/services/accord_service.go:89.16,91.3 1 0
github.com/yourusername/scentora-backend/internal/services/accord_service.go:94.2,94.33 1 1
github.com/yourusername/scentora-backend/internal/services/accord_service.go:94.33,96.17 2 1
github.com/yourusername/scentora-backend/internal/services/accord_service.go:96.17,98.4 1 0
github.com/yourusername/scentora-backend/internal/services/accord_service.go:99.3,99.21 1 1
github.com/yourusername/scentora-backend/internal/services/accord_service.go:102.2,102.21 1 1
github.com/yourusername/scentora-backend/internal/services/accord_service.go:106.120,109.16 2 1
github.com/yourusername/scentora-backend/internal/services/accord_service.go:109.16,111.3 1 0
github.com/yourusername/scentora-backend/internal/services/accord_service.go:114.2,114.21 1 1
github.com/yourusername/scentora-backend/internal/services/accord_service.go:114.21,116.3 1 1
github.com/yourusername/scentora-backend/internal/services/accord_service.go:117.2,117.32 1 1
github.com/yourusername/scentora-backend/internal/services/accord_service.go:117.32,118.106 1 0
github.com/yourusername/scentora-backend/internal/services/accord_service.go:118.106,120.4 1 0
github.com/yourusername/scentora-backend/internal/services/accord_service.go:121.3,121.48 1 0
github.com/yourusername/scentora-backend/internal/services/accord_service.go:123.2,123.25 1 1
github.com/yourusername/scentora-backend/internal/services/accord_service.go:123.25,124.25 1 1
github.com/yourusername/scentora-backend/internal/services/accord_service.go:124.25,126.4 1 1
github.com/yourusername/scentora-backend/internal/services/accord_service.go:127.3,127.34 1 1
github.com/yourusername/scentora-backend/internal/services/accord_service.go:129.2,129.25 1 1
github.com/yourusername/scentora-backend/internal/services/accord_service.go:129.25,131.3 1 0
github.com/yourusername/scentora-backend/internal/services/accord_service.go:132.2,132.29 1 1
github.com/yourusername/scentora-backend/internal/services/accord_service.go:132.29,134.3 1 0
github.com/yourusername/scentora-backend/internal/services/accord_service.go:135.2,135.35 1 1
github.com/yourusername/scentora-backend/internal/services/accord_service.go:135.35,136.67 1 0
github.com/yourusername/scentora-backend/internal/services/accord_service.go:136.67,138.4 1 0
github.com/yourusername/scentora-backend/internal/services/accord_service.go:139.3,139.53 1 0
github.com/yourusername/scentora-backend/internal/services/accord_service.go:141.2,141.22 1 1
github.com/yourusername/scentora-backend/internal/services/accord_service.go:141.22,143.3 1 0
github.com/yourusername/scentora-backend/internal/services/accord_service.go:145.2,146.16 2 1
github.com/yourusername/scentora-backend/internal/services/accord_service.go:146.16,148.3 1 0
github.com/yourusername/scentora-backend/internal/services/accord_service.go:151.2,151.21 1 1
github.com/yourusername/scentora-backend/internal/services/accord_service.go:151.21,153.17 2 1
github.com/yourusername/scentora-backend/internal/services/accord_service.go:153.17,155.4 1 0
github.com/yourusername/scentora-backend/internal/services/accord_service.go:159.2,159.38 1 1
github.com/yourusername/scentora-backend/internal/services/accord_service.go:163.69,166.16 2 1
github.com/yourusername/scentora-backend/internal/services/accord_service.go:166.16,168.3 1 1
github.com/yourusername/scentora-backend/internal/services/accord_service.go:170.2,171.16 2 1
github.com/yourusername/scentora-backend/internal/services/accord_service.go:171.16,173.3 1 0
github.com/yourusername/scentora-backend/internal/services/accord_service.go:175.2,175.12 1 1
github.com/yourusername/scentora-backend/internal/services/accord_service.go:179.76,182.16 2 1
github.com/yourusername/scentora-backend/internal/services/accord_service.go:182.16,184.3 1 0
github.com/yourusername/scentora-backend/internal/services/accord_service.go:186.2,187.16 2 1
github.com/yourusername/scentora-backend/internal/services/accord_service.go:187.16,189.3 1 0
github.com/yourusername/scentora-backend/internal/services/accord_service.go:191.2,191.12 1 1
github.com/yourusername/scentora-backend/internal/services/accord_service.go:195.81,198.16 2 1
github.com/yourusername/scentora-backend/internal/services/accord_service.go:198.16,200.3 1 0
github.com/yourusername/scentora-backend/internal/services/accord_service.go:202.2,203.16 2 1
github.com/yourusername/scentora-backend/internal/services/accord_service.go:203.16,205.3 1 0
github.com/yourusername/scentora-backend/internal/services/accord_service.go:207.2,207.12 1 1
github.com/yourusername/scentora-backend/internal/services/accord_service.go:211.170,216.19 3 0
github.com/yourusername/scentora-backend/internal/services/accord_service.go:216.19,218.17 2 0
github.com/yourusername/scentora-backend/internal/services/accord_service.go:218.17,220.4 1 0
github.com/yourusername/scentora-backend/internal/services/accord_service.go:221.8,224.17 2 0
github.com/yourusername/scentora-backend/internal/services/accord_service.go:224.17,226.4 1 0
github.com/yourusername/scentora-backend/internal/services/accord_service.go:230.2,230.33 1 0
github.com/yourusername/scentora-backend/internal/services/accord_service.go:230.33,232.17 2 0
github.com/yourusername/scentora-backend/internal/services/accord_service.go:232.17,234.4 1 0
github.com/yourusername/scentora-backend/internal/services/accord_service.go:235.3,235.27 1 0
github.com/yourusername/scentora-backend/internal/services/accord_service.go:238.2,238.21 1 0
github.com/yourusername/scentora-backend/internal/services/accord_service.go:242.88,245.16 2 0
github.com/yourusername/scentora-backend/internal/services/accord_service.go:245.16,247.3 1 0
github.com/yourusername/scentora-backend/internal/services/accord_service.go:250.2,250.33 1 0
github.com/yourusername/scentora-backend/internal/services/accord_service.go:250.33,252.17 2 0
github.com/yourusername/scentora-backend/internal/services/accord_service.go:252.17,254.4 1 0
github.com/yourusername/scentora-backend/internal/services/accord_service.go:255.3,255.21 1 0
github.com/yourusername/scentora-backend/internal/services/accord_service.go:258.2,267.19 2 0
github.com/yourusername/scentora-backend/internal/services/accord_service.go:270.76,275.33 4 0
github.com/yourusername/scentora-backend/internal/services/accord_service.go:275.33,277.55 2 0
github.com/yourusername/scentora-backend/internal/services/accord_service.go:277.55,279.4 1 0
github.com/yourusername/scentora-backend/internal/services/accord_service.go:280.3,280.35 1 0
github.com/yourusername/scentora-backend/internal/services/accord_service.go:280.35,282.4 1 0
github.com/yourusername/scentora-backend/internal/services/accord_service.go:285.2,290.3 1 0
github.com/yourusername/scentora-backend/internal/services/accord_service.go:293.74,296.33 2 0
github.com/yourusername/scentora-backend/internal/services/accord_service.go:296.33,297.33 1 0
github.com/yourusername/scentora-backend/internal/services/accord_service.go:298.14,300.38 2 0
github.com/yourusername/scentora-backend/internal/services/accord_service.go:301.17,303.41 2 0
github.com/yourusername/scentora-backend/internal/services/accord_service.go:304.15,306.39 2 0
github.com/yourusername/scentora-backend/internal/services/accord_service.go:310.2,310.14 1 0
github.com/yourusername/scentora-backend/internal/services/accord_service.go:313.67,316.33 2 0
github.com/yourusername/scentora-backend/internal/services/accord_service.go:316.33,317.35 1 0
github.com/yourusername/scentora-backend/internal/services/accord_service.go:317.35,319.4 1 0
github.com/yourusername/scentora-backend/internal/services/accord_service.go:322.2,323.36 2 0
github.com/yourusername/scentora-backend/internal/services/accord_service.go:323.36,328.3 1 0
github.com/yourusername/scentora-backend/internal/services/accord_service.go:330.2,330.14 1 0
github.com/yourusername/scentora-backend/internal/services/accord_service.go:333.77,336.33 2 0
github.com/yourusername/scentora-backend/internal/services/accord_service.go:336.33,337.55 1 0
github.com/yourusername/scentora-backend/internal/services/accord_service.go:337.55,339.4 1 0
github.com/yourusername/scentora-backend/internal/services/accord_service.go:342.2,343.46 2 0
github.com/yourusername/scentora-backend/internal/services/accord_service.go:343.46,348.3 1 0
github.com/yourusername/scentora-backend/internal/services/accord_service.go:350.2,350.14 1 0
github.com/yourusername/scentora-backend/internal/services/accord_service.go:353.72,354.23 1 0
github.com/yourusername/scentora-backend/internal/services/accord_service.go:354.23,356.3 1 0
github.com/yourusername/scentora-backend/internal/services/accord_service.go:358.2,362.33 4 0
github.com/yourusername/scentora-backend/internal/services/accord_service.go:362.33,364.34 2 0
github.com/yourusername/scentora-backend/internal/services/accord_service.go:364.34,366.4 1 0
github.com/yourusername/scentora-backend/internal/services/accord_service.go:367.3,367.34 1 0
github.com/yourusername/scentora-backend/internal/services/accord_service.go:367.34,369.4 1 0
github.com/yourusername/scentora-backend/internal/services/accord_service.go:372.2,376.3 1 0
github.com/yourusername/scentora-backend/internal/services/accord_service.go:379.99,382.33 2 0
github.com/yourusername/scentora-backend/internal/services/accord_service.go:382.33,383.34 1 0
github.com/yourusername/scentora-backend/internal/services/accord_service.go:383.34,390.4 1 0
github.com/yourusername/scentora-backend/internal/services/accord_service.go:393.2,393.17 1 0
github.com/yourusername/scentora-backend/internal/services/auth_service.go:24.186,31.2 1 1
github.com/yourusername/scentora-backend/internal/services/auth_service.go:33.112,36.16 2 1
github.com/yourusername/scentora-backend/internal/services/auth_service.go:36.16,38.3 1 1
github.com/yourusername/scentora-backend/internal/services/auth_service.go:41.2,41.21 1 1
github.com/yourusername/scentora-backend/internal/services/auth_service.go:41.21,43.3 1 1
github.com/yourusername/scentora-backend/internal/services/auth_service.go:46.2,46.44 1 1
github.com/yourusername/scentora-backend/internal/services/auth_service.go:46.44,48.3 1 1
github.com/yourusername/scentora-backend/internal/services/auth_service.go:51.2,51.59 1 1
github.com/yourusername/scentora-backend/internal/services/auth_service.go:51.59,53.3 1 1
github.com/yourusername/scentora-backend/internal/services/auth_service.go:56.2,57.16 2 1
github.com/yourusername/scentora-backend/internal/services/auth_service.go:57.16,59.3 1 0
github.com/yourusername/scentora-backend/internal/services/auth_service.go:60.2,60.12 1 1
github.com/yourusername/scentora-backend/internal/services/auth_service.go:60.12,62.3 1 1
github.com/yourusername/scentora-backend/internal/services/auth_service.go:65.2,66.16 2 1
github.com/yourusername/scentora-backend/internal/services/auth_service.go:66.16,68.3 1 0
github.com/yourusername/scentora-backend/internal/services/auth_service.go:69.2,69.12 1 1
github.com/yourusername/scentora-backend/internal/services/auth_service.go:69.12,71.3 1 1
github.com/yourusername/scentora-backend/internal/services/auth_service.go:74.2,75.16 2 1
github.com/yourusername/scentora-backend/internal/services/auth_service.go:75.16,77.3 1 0
github.com/yourusername/scentora-backend/internal/services/auth_service.go:80.2,86.48 2 1
github.com/yourusername/scentora-backend/internal/services/auth_service.go:86.48,88.3 1 0
github.com/yourusername/scentora-backend/internal/services/auth_service.go:91.2,91.76 1 1
github.com/yourusername/scentora-backend/internal/services/auth_service.go:91.76,94.3 1 0
github.com/yourusername/scentora-backend/internal/services/auth_service.go:97.2,98.16 2 1
github.com/yourusername/scentora-backend/internal/services/auth_service.go:98.16,100.3 1 0
github.com/yourusername/scentora-backend/internal/services/auth_service.go:102.2,103.16 2 1
github.com/yourusername/scentora-backend/internal/services/auth_service.go:103.16,105.3 1 0
github.com/yourusername/scentora-backend/internal/services/auth_service.go:108.2,114.8 2 1
github.com/yourusername/scentora-backend/internal/services/auth_service.go:117.83,120.16 2 1
github.com/yourusername/scentora-backend/internal/services/auth_service.go:120.16,122.3 1 1
github.com/yourusername/scentora-backend/internal/services/auth_service.go:125.2,125.99 1 1
github.com/yourusername/scentora-backend/internal/services/auth_service.go:125.99,127.3 1 1
github.com/yourusername/scentora-backend/internal/services/auth_service.go:130.2,131.16 2 1
github.com/yourusername/scentora-backend/internal/services/auth_service.go:131.16,133.3 1 0
github.com/yourusername/scentora-backend/internal/services/auth_service.go:135.2,136.16 2 1
github.com/yourusername/scentora-backend/internal/services/auth_service.go:136.16,138.3 1 0
github.com/yourusername/scentora-backend/internal/services/auth_service.go:141.2,147.8 2 1
github.com/yourusername/scentora-backend/internal/services/auth_service.go:150.88,156.16 3 1
github.com/yourusername/scentora-backend/internal/services/auth_service.go:156.16,158.3 1 1
github.com/yourusername/scentora-backend/internal/services/auth_service.go:161.2,161.39 1 1
github.com/yourusername/scentora-backend/internal/services/auth_service.go:161.39,163.3 1 0
github.com/yourusername/scentora-backend/internal/services/auth_service.go:166.2,167.16 2 1
github.com/yourusername/scentora-backend/internal/services/auth_service.go:167.16,169.3 1 0
github.com/yourusername/scentora-backend/internal/services/auth_service.go:172.2,173.16 2 1
github.com/yourusername/scentora-backend/internal/services/auth_service.go:173.16,175.3 1 0
github.com/yourusername/scentora-backend/internal/services/auth_service.go:178.2,179.16 2 1
github.com/yourusername/scentora-backend/internal/services/auth_service.go:179.16,181.3 1 0
github.com/yourusername/scentora-backend/internal/services/auth_service.go:184.2,193.8 3 1
github.com/yourusername/scentora-backend/internal/services/auth_service.go:196.63,199.2 2 1
github.com/yourusername/scentora-backend/internal/services/auth_service.go:201.54,203.2 1 1
github.com/yourusername/scentora-backend/internal/services/auth_service.go:205.72,207.16 2 1
github.com/yourusername/scentora-backend/internal/services/auth_service.go:207.16,209.3 1 1
github.com/yourusername/scentora-backend/internal/services/auth_service.go:210.2,211.18 2 1
github.com/yourusername/scentora-backend/internal/services/auth_service.go:214.78,216.16 2 1
github.com/yourusername/scentora-backend/internal/services/auth_service.go:216.16,218.3 1 0
github.com/yourusername/scentora-backend/internal/services/auth_service.go:220.2,230.52 3 1
github.com/yourusername/scentora-backend/internal/services/auth_service.go:233.79,235.16 2 1
github.com/yourusername/scentora-backend/internal/services/auth_service.go:235.16,237.3 1 0
github.com/yourusername/scentora-backend/internal/services/auth_service.go:240.2,250.57 4 1
github.com/yourusername/scentora-backend/internal/services/auth_service.go:250.57,252.3 1 0
github.com/yourusername/scentora-backend/internal/services/auth_service.go:254.2,254.25 1 1
github.com/yourusername/scentora-backend/internal/services/auth_service.go:257.37,260.2 2 1
github.com/yourusername/scentora-backend/internal/services/auth_service.go:262.53,264.16 1 1
github.com/yourusername/scentora-backend/internal/services/auth_service.go:264.16,266.3 1 0
github.com/yourusername/scentora-backend/internal/services/auth_service.go:268.2,272.14 4 1
github.com/yourusername/scentora-backend/internal/services/auth_service.go:273.11,275.17 2 1
github.com/yourusername/scentora-backend/internal/services/auth_service.go:275.17,277.4 1 0
github.com/yourusername/scentora-backend/internal/services/auth_service.go:278.3,278.15 1 1
github.com/yourusername/scentora-backend/internal/services/auth_service.go:279.11,281.17 2 0
github.com/yourusername/scentora-backend/internal/services/auth_service.go:281.17,283.4 1 0
github.com/yourusername/scentora-backend/internal/services/auth_service.go:284.3,284.15 1 0
github.com/yourusername/scentora-backend/internal/services/auth_service.go:285.11,287.17 2 1
github.com/yourusername/scentora-backend/internal/services/auth_service.go:287.17,289.4 1 0
github.com/yourusername/scentora-backend/internal/services/auth_service.go:290.3,290.20 1 1
github.com/yourusername/scentora-backend/internal/services/auth_service.go:291.10,293.17 2 0
github.com/yourusername/scentora-backend/internal/services/auth_service.go:293.17,295.4 1 0
github.com/yourusername/scentora-backend/internal/services/auth_service.go:296.3,296.15 1 0
github.com/yourusername/scentora-backend/internal/services/auth_service.go:299.2,299.22 1 1
github.com/yourusername/scentora-backend/internal/services/invitation_service.go:17.85,19.2 1 1
github.com/yourusername/scentora-backend/internal/services/invitation_service.go:21.116,24.44 2 1
github.com/yourusername/scentora-backend/internal/services/invitation_service.go:24.44,26.3 1 0
github.com/yourusername/scentora-backend/internal/services/invitation_service.go:27.2,40.50 4 1
github.com/yourusername/scentora-backend/internal/services/invitation_service.go:40.50,42.3 1 0
github.com/yourusername/scentora-backend/internal/services/invitation_service.go:44.2,44.24 1 1
github.com/yourusername/scentora-backend/internal/services/invitation_service.go:47.82,49.2 1 1
github.com/yourusername/scentora-backend/internal/services/invitation_service.go:51.66,53.2 1 1
github.com/yourusername/scentora-backend/internal/services/invitation_service.go:55.78,57.16 2 1
github.com/yourusername/scentora-backend/internal/services/invitation_service.go:57.16,59.3 1 1
github.com/yourusername/scentora-backend/internal/services/invitation_service.go:62.2,62.21 1 1
github.com/yourusername/scentora-backend/internal/services/invitation_service.go:62.21,64.3 1 1
github.com/yourusername/scentora-backend/internal/services/invitation_service.go:67.2,67.44 1 1
github.com/yourusername/scentora-backend/internal/services/invitation_service.go:67.44,69.3 1 1
github.com/yourusername/scentora-backend/internal/services/invitation_service.go:72.2,72.59 1 1
github.com/yourusername/scentora-backend/internal/services/invitation_service.go:72.59,74.3 1 1
github.com/yourusername/scentora-backend/internal/services/invitation_service.go:77.2,77.65 1 1
github.com/yourusername/scentora-backend/internal/services/invitation_service.go:77.65,79.3 1 0
github.com/yourusername/scentora-backend/internal/services/invitation_service.go:81.2,81.12 1 1
github.com/yourusername/scentora-backend/internal/services/tag_service.go:14.77,18.2 1 1
github.com/yourusername/scentora-backend/internal/services/tag_service.go:21.68,23.16 2 1
github.com/yourusername/scentora-backend/internal/services/tag_service.go:23.16,25.3 1 0
github.com/yourusername/scentora-backend/internal/services/tag_service.go:26.2,26.18 1 1
github.com/yourusername/scentora-backend/internal/services/tag_service.go:30.90,32.16 2 1
github.com/yourusername/scentora-backend/internal/services/tag_service.go:32.16,34.3 1 0
github.com/yourusername/scentora-backend/internal/services/tag_service.go:35.2,35.18 1 1
github.com/yourusername/scentora-backend/internal/services/tag_service.go:39.81,40.18 1 1
github.com/yourusername/scentora-backend/internal/services/tag_service.go:40.18,42.3 1 1
github.com/yourusername/scentora-backend/internal/services/tag_service.go:44.2,45.16 2 1
github.com/yourusername/scentora-backend/internal/services/tag_service.go:45.16,47.3 1 0
github.com/yourusername/scentora-backend/internal/services/tag_service.go:48.2,48.18 1 1
github.com/yourusername/scentora-backend/internal/services/tag_service.go:52.59,54.16 2 1
github.com/yourusername/scentora-backend/internal/services/tag_service.go:54.16,56.3 1 0
github.com/yourusername/scentora-backend/internal/services/tag_service.go:57.2,57.24 1 1
github.com/yourusername/scentora-backend/internal/services/tag_service.go:61.78,63.16 2 1
github.com/yourusername/scentora-backend/internal/services/tag_service.go:63.16,65.3 1 0
github.com/yourusername/scentora-backend/internal/services/tag_service.go:67.2,68.27 2 1
github.com/yourusername/scentora-backend/internal/services/tag_service.go:68.27,70.3 1 1
github.com/yourusername/scentora-backend/internal/services/tag_service.go:72.2,72.21 1 1
